2026-06-01 08:08:39,610 INFO Creating Outlook draft: subject='Montgomery County Mental Health Treatment Facility - Aerial Progress Photos and Video - May 29th, 2026' to_count=6 cc_count=6
2026-06-01 08:08:39,655 INFO Saved Outlook draft: entry_id='000000007E5019820ED9374C940618766E00B336070016A1B1C67B840A4787596FFB1069B2BB00000000010F000016A1B1C67B840A4787596FFB1069B2BB0001158725A90000' folder='Drafts'
2026-06-01 08:08:58,281 INFO Creating Outlook draft: subject='West 45 - Aerial Progress Photos and Video - May 29th, 2026' to_count=3 cc_count=6
2026-06-01 08:08:58,333 INFO Saved Outlook draft: entry_id='000000007E5019820ED9374C940618766E00B336070016A1B1C67B840A4787596FFB1069B2BB00000000010F000016A1B1C67B840A4787596FFB1069B2BB0001158725AA0000' folder='Drafts'
2026-06-01 08:09:11,974 INFO Creating Outlook draft: subject='LBJ CUP - Aerial Progress Photos and Video - May 29th, 2026' to_count=3 cc_count=6
2026-06-01 08:09:12,006 INFO Saved Outlook draft: entry_id='000000007E5019820ED9374C940618766E00B336070016A1B1C67B840A4787596FFB1069B2BB00000000010F000016A1B1C67B840A4787596FFB1069B2BB0001158725AB0000' folder='Drafts'
2026-06-01 08:09:50,832 INFO Creating Outlook draft: subject='1500 Gray - Aerial Progress Photos - May 29th, 2026' to_count=3 cc_count=6
2026-06-01 08:09:50,866 INFO Saved Outlook draft: entry_id='000000007E5019820ED9374C940618766E00B336070016A1B1C67B840A4787596FFB1069B2BB00000000010F000016A1B1C67B840A4787596FFB1069B2BB0001158725AC0000' folder='Drafts'
2026-06-01 08:09:59,506 INFO Creating Outlook draft: subject='DSV Laredo - Aerial Progress Photos - May 29th, 2026' to_count=6 cc_count=6
2026-06-01 08:09:59,541 INFO Saved Outlook draft: entry_id='000000007E5019820ED9374C940618766E00B336070016A1B1C67B840A4787596FFB1069B2BB00000000010F000016A1B1C67B840A4787596FFB1069B2BB0001158725AD0000' folder='Drafts'
2026-06-01 08:10:20,203 INFO Creating Outlook draft: subject='Station 155 - Aerial Progress Photos, Video, and 2D Mapping - May 29th, 2026' to_count=7 cc_count=6
2026-06-01 08:10:20,232 INFO Saved Outlook draft: entry_id='000000007E5019820ED9374C940618766E00B336070016A1B1C67B840A4787596FFB1069B2BB00000000010F000016A1B1C67B840A4787596FFB1069B2BB0001158725AE0000' folder='Drafts'
2026-06-01 08:10:27,896 INFO Creating Outlook draft: subject='Station 165 - Aerial Progress Photos, Video, and 2D Mapping - May 29th, 2026' to_count=7 cc_count=6
2026-06-01 08:10:27,935 INFO Saved Outlook draft: entry_id='000000007E5019820ED9374C940618766E00B336070016A1B1C67B840A4787596FFB1069B2BB00000000010F000016A1B1C67B840A4787596FFB1069B2BB0001158725AF0000' folder='Drafts'
2026-06-01 08:46:19,459 INFO Creating Outlook draft: subject='McCullough ISD - Aerial Progress Photos and Video - May 29th, 2026' to_count=1 cc_count=6
2026-06-01 08:46:19,499 INFO Saved Outlook draft: entry_id='000000007E5019820ED9374C940618766E00B336070016A1B1C67B840A4787596FFB1069B2BB00000000010F000016A1B1C67B840A4787596FFB1069B2BB0001158725B00000' folder='Drafts'
2026-06-01 08:47:22,466 INFO Creating Outlook draft: subject='The Bailey Rockwall - Aerial Progress Photos and Video - May 29th, 2026' to_count=4 cc_count=6
2026-06-01 08:47:22,497 INFO Saved Outlook draft: entry_id='000000007E5019820ED9374C940618766E00B336070016A1B1C67B840A4787596FFB1069B2BB00000000010F000016A1B1C67B840A4787596FFB1069B2BB0001158725B10000' folder='Drafts'
2026-06-01 09:34:06,597 INFO Creating Outlook draft: subject='Barksdale MS - Aerial Progress Photos and Video - May 29th, 2026' to_count=2 cc_count=6
2026-06-01 09:34:06,635 INFO Saved Outlook draft: entry_id='000000007E5019820ED9374C940618766E00B336070016A1B1C67B840A4787596FFB1069B2BB00000000010F000016A1B1C67B840A4787596FFB1069B2BB0001158725B20000' folder='Drafts'
2026-06-01 09:34:09,917 INFO Creating Outlook draft: subject='Byron Nelson HS - Aerial Progress Photos and Video - May 29th, 2026' to_count=2 cc_count=6
2026-06-01 09:34:09,953 INFO Saved Outlook draft: entry_id='000000007E5019820ED9374C940618766E00B336070016A1B1C67B840A4787596FFB1069B2BB00000000010F000016A1B1C67B840A4787596FFB1069B2BB0001158725B30000' folder='Drafts'
